
> buleje@0.1.1 build
> next build

Warning: Custom Cache-Control headers detected for the following routes:
  - /_next/static/:path*

Setting a custom Cache-Control header can break Next.js development behavior.
▲ Next.js 16.2.6 (Turbopack)
- Environments: .env.local
- Cache Components enabled
- Experiments (use with caution):
  ✓ optimizeCss
  · optimizePackageImports
  · staleTimes

  Creating an optimized production build ...
✓ Compiled successfully in 52s
  Skipping validation of types
  Finished TypeScript config validation in 28ms ...
  Collecting page data using 11 workers ...
⚠ Using edge runtime on a page currently disables static generation for that page
Error: Mock file imported in production: socio-buleje.mock.ts. Mocks are dev-only.
    at module evaluation (lib/mocks/socio-buleje.mock.ts:12:9)
    at <unknown> (lib/db/socio-buleje.db.ts:36:1)
    at module evaluation (lib/validators/socio-buleje.ts:20:1)

> Build error occurred
Error: Failed to collect page data for /api/admin/socio/members
    at ignore-listed frames {
  type: 'Error'
}
